// Jest Snapshot v1, https://goo.gl/fbAQLP

exports[`Header renders Header unchanged 1`] = `
<DocumentFragment>
  <header
    class="fixed z-50 w-screen bg-background opacity-95"
    id="header"
  >
    <div
      class="container relative ml-auto mr-auto w-screen max-w-custom px-8 md:px-0"
    >
      <nav
        class="flex h-header-height items-center justify-between"
      >
        <a
          href="/"
        >
          <span
            class="text-md font-semibold tracking-wide text-title-normal hover:text-primary"
          >
            Fabian
          </span>
        </a>
        <nav
          aria-label="Main"
          class="z-10 flex flex-1 items-center justify-center fixed -top-full left-0 right-0 max-w-full rounded-b-2xl bg-background px-6 pb-12 pt-24 shadow-xl backdrop-blur-3xl duration-300 md:relative md:top-0 md:max-w-fit md:rounded-none md:p-0 md:shadow-none md:duration-0"
          data-orientation="horizontal"
          dir="ltr"
        >
          <div
            style="position: relative;"
          >
            <ul
              class="group flex flex-1 list-none items-center justify-center md:space-x-1"
              data-orientation="horizontal"
              dir="ltr"
            >
              <li
                class="m-0 flex flex-col items-center"
              >
                <a
                  class="group inline-flex h-10 w-max items-center justify-center rounded-md bg-background px-4 py-2 text-sm font-semibold transition-colors hover:text-accent-foreground focus:bg-card-foreground focus:outline-none disabled:pointer-events-none disabled:opacity-50 data-[active]:bg-primary/50 data-[state=open]:bg-primary/50"
                  data-radix-collection-item=""
                  href="/"
                >
                  Home
                </a>
              </li>
              <li
                class="m-0 flex flex-col items-center"
              >
                <a
                  class="group inline-flex h-10 w-max items-center justify-center rounded-md bg-background px-4 py-2 text-sm font-semibold transition-colors hover:text-accent-foreground focus:bg-card-foreground focus:outline-none disabled:pointer-events-none disabled:opacity-50 data-[active]:bg-primary/50 data-[state=open]:bg-primary/50"
                  data-radix-collection-item=""
                  href="/about"
                >
                  About
                </a>
              </li>
              <li
                class="m-0 flex flex-col items-center"
              >
                <a
                  class="group inline-flex h-10 w-max items-center justify-center rounded-md bg-background px-4 py-2 text-sm font-semibold transition-colors hover:text-accent-foreground focus:bg-card-foreground focus:outline-none disabled:pointer-events-none disabled:opacity-50 data-[active]:bg-primary/50 data-[state=open]:bg-primary/50"
                  data-radix-collection-item=""
                  href="/projects"
                >
                  Projects
                </a>
              </li>
              <li
                class="m-0 flex flex-col items-center"
              >
                <a
                  class="group inline-flex h-10 w-max items-center justify-center rounded-md bg-background px-4 py-2 text-sm font-semibold transition-colors hover:text-accent-foreground focus:bg-card-foreground focus:outline-none disabled:pointer-events-none disabled:opacity-50 data-[active]:bg-primary/50 data-[state=open]:bg-primary/50"
                  data-radix-collection-item=""
                  href="/uses"
                >
                  Uses
                </a>
              </li>
              <li
                class="m-0 flex flex-col items-center"
              >
                <a
                  class="group inline-flex h-10 w-max items-center justify-center rounded-md bg-background px-4 py-2 text-sm font-semibold transition-colors hover:text-accent-foreground focus:bg-card-foreground focus:outline-none disabled:pointer-events-none disabled:opacity-50 data-[active]:bg-primary/50 data-[state=open]:bg-primary/50"
                  data-radix-collection-item=""
                  href="/blog"
                >
                  Blog
                </a>
              </li>
            </ul>
          </div>
          <div
            class="absolute left-0 top-full flex justify-center"
          />
        </nav>
        <button
          aria-label="Open menu"
          class="inline-flex items-center justify-center gap-1 whitespace-nowrap rounded-md text-sm font-medium ring-offset-background transition-colors focus-visible:outline-none focus-visible:ring-2 focus-visible:ring-ring focus-visible:ring-offset-2 disabled:pointer-events-none disabled:opacity-50 h-10 px-4 py-2 hover:bg-card-foreground hover:text-primary absolute right-4 z-50 md:hidden"
        >
          <div
            class="relative h-6 w-6"
          >
            <span
              class="absolute block h-0.5 w-4 rounded-full bg-current"
              style="left: 50%; top: 20%; transform: translateX(-50%);"
            />
            <span
              class="absolute block h-0.5 w-4 rounded-full bg-current"
              style="left: 50%; top: 50%; opacity: 1; transform: translateX(-50%) translateY(-50%);"
            />
            <span
              class="absolute block h-0.5 w-4 rounded-full bg-current"
              style="left: 50%; bottom: 20%; transform: translateX(-50%);"
            />
          </div>
        </button>
      </nav>
    </div>
  </header>
</DocumentFragment>
`;
