// Jest Snapshot v1, https://goo.gl/fbAQLP

exports[`Logo renders Logo unchanged 1`] = `
<DocumentFragment>
  <a
    href="/"
  >
    <span
      class="text-md font-semibold tracking-wide text-title-normal underline-offset-4 hover:text-primary-foreground hover:underline"
    >
      Fabian
    </span>
  </a>
</DocumentFragment>
`;

exports[`Logo renders white Logo unchanged 1`] = `
<DocumentFragment>
  <a
    href="/"
  >
    <span
      class="text-md font-semibold tracking-wide text-title-normal underline-offset-4 hover:text-primary-foreground hover:underline"
    >
      Fabian
    </span>
  </a>
</DocumentFragment>
`;
